// Jest Snapshot v1, https://goo.gl/fbAQLP

exports[`scripts/argvParser should argvParser works ok 1`] = `
Object {
  "A": "",
  "B": "b",
  "C_D": "",
  "E_F": "b",
  "GH": "",
}
`;
